CONT		PIN		1		0
CONT		LEFPIN		2		0
CONT		FILL		3		0
CONT		FILLOPC		4		0
CONT		VIA		5		0
CONT		VIAFILL		6		0
CONT		VIAFILLOPC		7		0
ME1		NET		8		0
ME1		SPNET		9		0
ME1		PIN		10		0
ME1		LEFPIN		11		0
ME1		FILL		12		0
ME1		FILLOPC		13		0
ME1		VIA		14		0
ME1		VIAFILL		15		0
ME1		VIAFILLOPC		16		0
ME1		LEFOBS		17		0
NAME		ME1/NET		18		0
NAME		ME1/SPNET		19		0
NAME		ME1/PIN		20		0
NAME		ME1/LEFPIN		21		0
VI1		PIN		22		0
VI1		LEFPIN		23		0
VI1		FILL		24		0
VI1		FILLOPC		25		0
VI1		VIA		26		0
VI1		VIAFILL		27		0
VI1		VIAFILLOPC		28		0
ME2		NET		29		0
ME2		SPNET		30		0
ME2		PIN		31		0
ME2		LEFPIN		32		0
ME2		FILL		33		0
ME2		FILLOPC		34		0
ME2		VIA		35		0
ME2		VIAFILL		36		0
ME2		VIAFILLOPC		37		0
ME2		LEFOBS		38		0
NAME		ME2/NET		39		0
NAME		ME2/SPNET		40		0
NAME		ME2/PIN		41		0
NAME		ME2/LEFPIN		42		0
VI2		PIN		43		0
VI2		LEFPIN		44		0
VI2		FILL		45		0
VI2		FILLOPC		46		0
VI2		VIA		47		0
VI2		VIAFILL		48		0
VI2		VIAFILLOPC		49		0
ME3		NET		50		0
ME3		SPNET		51		0
ME3		PIN		52		0
ME3		LEFPIN		53		0
ME3		FILL		54		0
ME3		FILLOPC		55		0
ME3		VIA		56		0
ME3		VIAFILL		57		0
ME3		VIAFILLOPC		58		0
ME3		LEFOBS		59		0
NAME		ME3/NET		60		0
NAME		ME3/SPNET		61		0
NAME		ME3/PIN		62		0
NAME		ME3/LEFPIN		63		0
VI3		PIN		64		0
VI3		LEFPIN		65		0
VI3		FILL		66		0
VI3		FILLOPC		67		0
VI3		VIA		68		0
VI3		VIAFILL		69		0
VI3		VIAFILLOPC		70		0
ME4		NET		71		0
ME4		SPNET		72		0
ME4		PIN		73		0
ME4		LEFPIN		74		0
ME4		FILL		75		0
ME4		FILLOPC		76		0
ME4		VIA		77		0
ME4		VIAFILL		78		0
ME4		VIAFILLOPC		79		0
ME4		LEFOBS		80		0
NAME		ME4/NET		81		0
NAME		ME4/SPNET		82		0
NAME		ME4/PIN		83		0
NAME		ME4/LEFPIN		84		0
VI4		PIN		85		0
VI4		LEFPIN		86		0
VI4		FILL		87		0
VI4		FILLOPC		88		0
VI4		VIA		89		0
VI4		VIAFILL		90		0
VI4		VIAFILLOPC		91		0
ME5		NET		92		0
ME5		SPNET		93		0
ME5		PIN		94		0
ME5		LEFPIN		95		0
ME5		FILL		96		0
ME5		FILLOPC		97		0
ME5		VIA		98		0
ME5		VIAFILL		99		0
ME5		VIAFILLOPC		100		0
ME5		LEFOBS		101		0
NAME		ME5/NET		102		0
NAME		ME5/SPNET		103		0
NAME		ME5/PIN		104		0
NAME		ME5/LEFPIN		105		0
VI5		PIN		106		0
VI5		LEFPIN		107		0
VI5		FILL		108		0
VI5		FILLOPC		109		0
VI5		VIA		110		0
VI5		VIAFILL		111		0
VI5		VIAFILLOPC		112		0
ME6		NET		113		0
ME6		SPNET		114		0
ME6		PIN		115		0
ME6		LEFPIN		116		0
ME6		FILL		117		0
ME6		FILLOPC		118		0
ME6		VIA		119		0
ME6		VIAFILL		120		0
ME6		VIAFILLOPC		121		0
ME6		LEFOBS		122		0
NAME		ME6/NET		123		0
NAME		ME6/SPNET		124		0
NAME		ME6/PIN		125		0
NAME		ME6/LEFPIN		126		0
VI6		PIN		127		0
VI6		LEFPIN		128		0
VI6		FILL		129		0
VI6		FILLOPC		130		0
VI6		VIA		131		0
VI6		VIAFILL		132		0
VI6		VIAFILLOPC		133		0
ME7		NET		134		0
ME7		SPNET		135		0
ME7		PIN		136		0
ME7		LEFPIN		137		0
ME7		FILL		138		0
ME7		FILLOPC		139		0
ME7		VIA		140		0
ME7		VIAFILL		141		0
ME7		VIAFILLOPC		142		0
ME7		LEFOBS		143		0
NAME		ME7/NET		144		0
NAME		ME7/SPNET		145		0
NAME		ME7/PIN		146		0
NAME		ME7/LEFPIN		147		0
VI7		PIN		148		0
VI7		LEFPIN		149		0
VI7		FILL		150		0
VI7		FILLOPC		151		0
VI7		VIA		152		0
VI7		VIAFILL		153		0
VI7		VIAFILLOPC		154		0
ME8		NET		155		0
ME8		SPNET		156		0
ME8		PIN		157		0
ME8		LEFPIN		158		0
ME8		FILL		159		0
ME8		FILLOPC		160		0
ME8		VIA		161		0
ME8		VIAFILL		162		0
ME8		VIAFILLOPC		163		0
ME8		LEFOBS		164		0
NAME		ME8/NET		165		0
NAME		ME8/SPNET		166		0
NAME		ME8/PIN		167		0
NAME		ME8/LEFPIN		168		0
TMV_RDL		PIN		169		0
TMV_RDL		LEFPIN		170		0
TMV_RDL		FILL		171		0
TMV_RDL		FILLOPC		172		0
TMV_RDL		VIA		173		0
TMV_RDL		VIAFILL		174		0
TMV_RDL		VIAFILLOPC		175		0
AL_RDL		NET		176		0
AL_RDL		SPNET		177		0
AL_RDL		PIN		178		0
AL_RDL		LEFPIN		179		0
AL_RDL		FILL		180		0
AL_RDL		FILLOPC		181		0
AL_RDL		VIA		182		0
AL_RDL		VIAFILL		183		0
AL_RDL		VIAFILLOPC		184		0
AL_RDL		LEFOBS		185		0
NAME		AL_RDL/NET		186		0
NAME		AL_RDL/SPNET		187		0
NAME		AL_RDL/PIN		188		0
NAME		AL_RDL/LEFPIN		189		0
NAME		COMP		190		0
COMP		ALL		191		0
DIEAREA		ALL		192		0
