Start to check current routing status for nets...
All nets are already routed correctly.
End to check current routing status for nets (mem=2219.0M)
#################################################################################
# Design Stage: PreRoute
# Design Name: counter
# Design Mode: 90nm
# Analysis Mode: MMMC Non-OCV 
# Parasitics Mode: No SPEF/RCDB
# Signoff Settings: SI Off 
#################################################################################
AAE_INFO: 1 threads acquired from CTE.
Calculate delays in BcWc mode...
*** Calculating scaling factor for max_timing_library libraries using the default operating condition of each library.
Total number of fetched objects 12
AAE_INFO: Total number of nets for which stage creation was skipped for all views 0
End delay calculation. (MEM=2292.36 CPU=0:00:00.0 REAL=0:00:00.0)
*** Done Building Timing Graph (cpu=0:00:00.2 real=0:00:01.0 totSessionCpu=0:03:00 mem=2292.4M)

------------------------------------------------------------
          timeDesign Summary                             
------------------------------------------------------------

Setup views included:
 worst_Case 

+--------------------+---------+---------+---------+
|     Setup mode     |   all   | reg2reg | default |
+--------------------+---------+---------+---------+
|           WNS (ns):|  8.637  |  9.150  |  8.637  |
|           TNS (ns):|  0.000  |  0.000  |  0.000  |
|    Violating Paths:|    0    |    0    |    0    |
|          All Paths:|    7    |    3    |    6    |
+--------------------+---------+---------+---------+

+----------------+-------------------------------+------------------+
|                |              Real             |       Total      |
|    DRVs        +------------------+------------+------------------|
|                |  Nr nets(terms)  | Worst Vio  |  Nr nets(terms)  |
+----------------+------------------+------------+------------------+
|   max_cap      |      0 (0)       |   0.000    |      0 (0)       |
|   max_tran     |      0 (0)       |   0.000    |      0 (0)       |
|   max_fanout   |      0 (0)       |     0      |      0 (0)       |
|   max_length   |      0 (0)       |     0      |      0 (0)       |
+----------------+------------------+------------+------------------+

Density: 65.957%
Routing Overflow: 0.00% H and 0.00% V
------------------------------------------------------------
Reported timing to dir ./timingReports
Total CPU time: 0.28 sec
Total Real time: 1.0 sec
Total Memory Usage: 2235.125 Mbytes
